[20:20:10] [ServerMain/INFO]: [bootstrap] Running Java 25 (Java HotSpot(TM) 64-Bit Server VM 25.0.2+10-LTS-69; Oracle Corporation null) on Windows 11 10.0 (amd64)
[20:20:10] [ServerMain/INFO]: [bootstrap] Loading Folia 26.1.2-8-ver/26.1.x@62dc0f2 (2026-05-06T13:45:28Z) for Minecraft 26.1.2
[20:20:11] [ServerMain/INFO]: [PluginInitializerManager] Initializing plugins...
[20:20:11] [ServerMain/INFO]: [PluginInitializerManager] Initialized 1 plugin
[20:20:11] [ServerMain/INFO]: [PluginInitializerManager] Bukkit plugins (1):
 - EssentialsC (4.2.3)
[20:20:17] [ServerMain/INFO]: Environment: Environment[sessionHost=https://sessionserver.mojang.com, servicesHost=https://api.minecraftservices.com, profilesHost=https://api.mojang.com, name=PROD]
[20:20:17] [ServerMain/INFO]: Found new data pack file/bukkit, loading it automatically
[20:20:17] [ServerMain/INFO]: Found new data pack paper, loading it automatically
[20:20:18] [Worker-Main-2/INFO]: No existing world data, creating new world
[20:20:19] [ServerMain/INFO]: Loaded 1515 recipes
[20:20:19] [ServerMain/INFO]: Loaded 1617 advancements
[20:20:19] [ServerMain/INFO]: [ca.spottedleaf.dataconverter.minecraft.datatypes.MCTypeRegistry] Initialising converters for DataConverter...
[20:20:19] [ServerMain/INFO]: [ca.spottedleaf.dataconverter.minecraft.datatypes.MCTypeRegistry] Finished initialising converters for DataConverter in 367.5ms
[20:20:19] [Server thread/INFO]: Starting minecraft server version 26.1.2
[20:20:19] [Server thread/INFO]: Loading properties
[20:20:19] [Server thread/INFO]: This server is running Folia version 26.1.2-8-ver/26.1.x@62dc0f2 (2026-05-06T13:45:28Z) (Implementing API version 26.1.2.build.8-stable)
[20:20:19] [Server thread/INFO]: [spark] This server bundles the spark profiler. For more information please visit https://docs.papermc.io/paper/profiling
[20:20:19] [Server thread/INFO]: Server Ping Player Sample Count: 12
[20:20:19] [Server thread/INFO]: Using 4 threads for Netty based IO
[20:20:20] [Server thread/INFO]: [MoonriseCommon] Paper is using 3 worker threads, 1 I/O threads
[20:20:20] [Server thread/INFO]: [io.papermc.paper.threadedregions.TickRegions] Initialised EDF Folia scheduler with initial 1 target thread(s)
[20:20:20] [Server thread/INFO]: Default game type: SURVIVAL
[20:20:20] [Server thread/INFO]: Generating keypair
[20:20:20] [Server thread/INFO]: Starting Minecraft server on *:25565
[20:20:20] [Server thread/INFO]: Paper: Using Java compression from Velocity.
[20:20:20] [Server thread/INFO]: Paper: Using Java cipher from Velocity.
[20:20:20] [Server thread/INFO]: [EssentialsC] ----------------------------------------------------------------------------
[20:20:20] [Server thread/INFO]: [EssentialsC] This plugin uses FastStats to collect anonymous usage statistics and errors.
[20:20:20] [Server thread/INFO]: [EssentialsC] No personal or identifying information is ever collected.
[20:20:20] [Server thread/INFO]: [EssentialsC] To opt out, set 'enabled=false' in the metrics configuration file.
[20:20:20] [Server thread/INFO]: [EssentialsC] Learn more at: https://faststats.dev/info
[20:20:20] [Server thread/INFO]: [EssentialsC] 
[20:20:20] [Server thread/INFO]: [EssentialsC] Since this is your first start with FastStats, submission will not start
[20:20:20] [Server thread/INFO]: [EssentialsC] until you restart the server to allow you to opt out if you prefer.
[20:20:20] [Server thread/INFO]: [EssentialsC] ----------------------------------------------------------------------------
[20:20:20] [Server thread/INFO]: [EssentialsC] Enabled FastStats Metrics and Error Tracking
[20:20:20] [Server thread/INFO]: [EssentialsC] Loading server plugin EssentialsC v4.2.3
[20:20:21] [Server thread/ERROR]: [EssentialsC] Error initializing plugin 'EssentialsC-4.2.3-all.jar' in folder 'plugins' (Is it up to date?)
java.lang.NoClassDefFoundError: net/milkbowl/vault/economy/Economy
	at java.base/java.lang.ClassLoader.defineClass1(Native Method) ~[?:?]
	at java.base/java.lang.ClassLoader.defineClass(ClassLoader.java:962) ~[?:?]
	at java.base/java.security.SecureClassLoader.defineClass(SecureClassLoader.java:144) ~[?:?]
	at org.bukkit.plugin.java.PluginClassLoader.findClass(PluginClassLoader.java:263) ~[folia-api-26.1.2.build.8-stable.jar:?]
	at java.base/java.lang.ClassLoader.loadClass(ClassLoader.java:557) ~[?:?]
	at org.bukkit.plugin.java.PluginClassLoader.loadClass0(PluginClassLoader.java:180) ~[folia-api-26.1.2.build.8-stable.jar:?]
	at org.bukkit.plugin.java.PluginClassLoader.loadClass(PluginClassLoader.java:175) ~[folia-api-26.1.2.build.8-stable.jar:?]
	at java.base/java.lang.ClassLoader.loadClass(ClassLoader.java:490) ~[?:?]
	at EssentialsC-4.2.3-all.jar//net.godlycow.org.essc.plugin.economy.VaultHook.<init>(VaultHook.java:27) ~[?:?]
	at EssentialsC-4.2.3-all.jar//net.godlycow.org.essc.EssentialsC.onLoad(EssentialsC.java:128) ~[?:?]
	at io.papermc.paper.plugin.storage.ServerPluginProviderStorage.processProvided(ServerPluginProviderStorage.java:59) ~[folia-26.1.2.jar:26.1.2-8-62dc0f2]
	at io.papermc.paper.plugin.storage.ServerPluginProviderStorage.processProvided(ServerPluginProviderStorage.java:18) ~[folia-26.1.2.jar:26.1.2-8-62dc0f2]
	at io.papermc.paper.plugin.storage.SimpleProviderStorage.enter(SimpleProviderStorage.java:39) ~[folia-26.1.2.jar:26.1.2-8-62dc0f2]
	at io.papermc.paper.plugin.entrypoint.LaunchEntryPointHandler.enter(LaunchEntryPointHandler.java:39) ~[folia-26.1.2.jar:26.1.2-8-62dc0f2]
	at org.bukkit.craftbukkit.CraftServer.loadPlugins(CraftServer.java:553) ~[folia-26.1.2.jar:26.1.2-8-62dc0f2]
	at net.minecraft.server.dedicated.DedicatedServer.initServer(DedicatedServer.java:341) ~[folia-26.1.2.jar:26.1.2-8-62dc0f2]
	at net.minecraft.server.MinecraftServer.runServer(MinecraftServer.java:1377) ~[folia-26.1.2.jar:26.1.2-8-62dc0f2]
	at net.minecraft.server.MinecraftServer.lambda$spin$0(MinecraftServer.java:303) ~[folia-26.1.2.jar:26.1.2-8-62dc0f2]
	at java.base/java.lang.Thread.run(Thread.java:1474) ~[?:?]
Caused by: java.lang.ClassNotFoundException: net.milkbowl.vault.economy.Economy
	at org.bukkit.plugin.java.PluginClassLoader.loadClass0(PluginClassLoader.java:208) ~[folia-api-26.1.2.build.8-stable.jar:?]
	at org.bukkit.plugin.java.PluginClassLoader.loadClass(PluginClassLoader.java:175) ~[folia-api-26.1.2.build.8-stable.jar:?]
	at java.base/java.lang.ClassLoader.loadClass(ClassLoader.java:490) ~[?:?]
	... 19 more
[20:20:21] [Server thread/INFO]: Preparing level "world"
[20:20:22] [Server thread/INFO]: Selecting spawn point for level 'minecraft:overworld'...
[20:20:26] [Server thread/INFO]: Selecting spawn point for level 'minecraft:the_nether'...
[20:20:27] [Server thread/INFO]: Selecting spawn point for level 'minecraft:the_end'...
[20:20:28] [Server thread/INFO]: Loading 0 persistent chunks for level 'minecraft:overworld'...
[20:20:28] [Server thread/INFO]: Preparing spawn area: 100%
[20:20:28] [Server thread/INFO]: Prepared spawn area in 6002 ms
[20:20:28] [Server thread/INFO]: Loading 0 persistent chunks for level 'minecraft:the_nether'...
[20:20:28] [Server thread/INFO]: Preparing spawn area: 100%
[20:20:28] [Server thread/INFO]: Prepared spawn area in 1222 ms
[20:20:28] [Server thread/INFO]: Loading 0 persistent chunks for level 'minecraft:the_end'...
[20:20:28] [Server thread/INFO]: Preparing spawn area: 100%
[20:20:28] [Server thread/INFO]: Prepared spawn area in 364 ms
[20:20:28] [Server thread/INFO]: Done preparing level "world" (6.894s)
[20:20:28] [Server thread/INFO]: [EssentialsC] Enabling EssentialsC v4.2.3
[20:20:28] [Server thread/INFO]: [EssentialsC] 
[20:20:28] [Server thread/INFO]: [EssentialsC]   ███████╗███████╗███████╗ ██████╗
[20:20:28] [Server thread/INFO]: [EssentialsC]   ██╔════╝██╔════╝██╔════╝██╔════╝  EssentialsC
[20:20:28] [Server thread/INFO]: [EssentialsC]   █████╗  ███████╗███████╗██║       v4.2.3
[20:20:28] [Server thread/INFO]: [EssentialsC]   ██╔══╝  ╚════██║╚════██║██║       by _GodlyCow
[20:20:28] [Server thread/INFO]: [EssentialsC]   ███████╗███████║███████║╚██████╗
[20:20:28] [Server thread/INFO]: [EssentialsC]   ╚══════╝╚══════╝╚══════╝ ╚═════╝
[20:20:28] [Server thread/INFO]: [EssentialsC] 
[20:20:28] [Server thread/INFO]: [EssentialsC]   Platform  Folia  region-threaded
[20:20:28] [Server thread/INFO]: [EssentialsC]   ANSI      supported
[20:20:28] [Server thread/INFO]: [EssentialsC] 
[20:20:28] [Server thread/WARN]: [EssentialsC] Scoreboard feature is not *yet* supported on Folia.
[20:20:29] [Server thread/INFO]: [EssentialsC] First run detected. To get the most out of EssentialsC,
[20:20:29] [Server thread/INFO]: [EssentialsC] install the following PlaceholderAPI expansions:
[20:20:29] [Server thread/INFO]: [EssentialsC]   /papi ecloud download Vault
[20:20:29] [Server thread/INFO]: [EssentialsC]   /papi ecloud download Player
[20:20:29] [Server thread/INFO]: [EssentialsC]   /papi ecloud download Server
[20:20:29] [Server thread/INFO]: [EssentialsC]   /papi ecloud download Statistic
[20:20:29] [Server thread/INFO]: [EssentialsC]   /papi reload
[20:20:29] [Server thread/INFO]: [spark] The spark plugin has been preferred but was not loaded. The bundled spark profiler will enabled instead.
[20:20:29] [Server thread/INFO]: [spark] The spark profiler will not be enabled because it is currently disabled in the configuration.
[20:20:29] [Server thread/INFO]: Saving chunks for level 'ServerLevel[world]'/minecraft:overworld
[20:20:30] [Server thread/INFO]: Saving chunks for level 'ServerLevel[world]'/minecraft:the_nether
[20:20:30] [Server thread/INFO]: Saving chunks for level 'ServerLevel[world]'/minecraft:the_end
[20:20:30] [Server thread/INFO]: ThreadedAnvilChunkStorage (world): All chunks are saved
[20:20:30] [Server thread/INFO]: ThreadedAnvilChunkStorage (DIM-1): All chunks are saved
[20:20:30] [Server thread/INFO]: ThreadedAnvilChunkStorage (DIM1): All chunks are saved
[20:20:30] [Server thread/INFO]: ThreadedAnvilChunkStorage: All dimensions are saved
[20:20:30] [Server thread/INFO]: Done (21.422s)! For help, type "help"
[20:20:30] [Folia Region Scheduler Thread #0/INFO]: [EssentialsC] ================================
[20:20:30] [Folia Region Scheduler Thread #0/INFO]: [EssentialsC] EssentialsC - Up To Date
[20:20:30] [Folia Region Scheduler Thread #0/INFO]: [EssentialsC] --------------------------------
[20:20:30] [Folia Region Scheduler Thread #0/INFO]: [EssentialsC] Running version: 4.2.3
[20:20:30] [Folia Region Scheduler Thread #0/INFO]: [EssentialsC] ================================
[20:34:51] [User Authenticator #0/INFO]: UUID of player _GodlyCow is a45cbf2b-4d03-4e54-8d39-25fe234c0ed7
[20:34:56] [Folia Region Scheduler Thread #0/INFO]: Welcome! _GodlyCow just joined for the first time!
[20:34:56] [Folia Region Scheduler Thread #0/INFO]: _GodlyCow[/127.0.0.1:52975] logged in with entity id 11 at ([minecraft:overworld]-4.5, 65.0, 5.5)
[20:35:14] [Folia Region Scheduler Thread #0/INFO]: Made _GodlyCow a server operator
[20:35:18] [Folia Region Scheduler Thread #0/INFO]: [_GodlyCow: Set own game mode to Creative Mode]
[20:35:32] [Folia Region Scheduler Thread #0/INFO]: _GodlyCow issued server command: /forceload
[20:35:37] [Folia Region Scheduler Thread #0/INFO]: _GodlyCow issued server command: /forceload add ~ ~ ~ ~
[20:35:37] [Folia Region Scheduler Thread #0/INFO]: [_GodlyCow: Marked chunk [0, 0] in minecraft:overworld to be force loaded]
